../Core/Src/main.c:61:5:__io_putchar	16	static
../Core/Src/main.c:563:6:HAL_TIM_PeriodElapsedCallback	0	static
../Core/Src/main.c:568:6:HAL_UARTEx_RxEventCallback	8	static
../Core/Src/main.c:576:6:HAL_UART_TxCpltCallback	8	static
../Core/Src/main.c:581:6:HAL_UART_ErrorCallback	32	static
../Core/Src/main.c:594:6:HAL_ADC_ConvCpltCallback	0	static
../Core/Src/main.c:608:6:Error_Handler	8	static,ignoring_inline_asm
../Core/Src/main.c:164:6:SystemClock_Config	96	static
../Core/Src/main.c:77:5:main	184	static
