../Core/Src/main.c:64:5:__io_putchar	16	static
../Core/Src/main.c:566:6:HAL_TIM_PeriodElapsedCallback	0	static
../Core/Src/main.c:578:6:HAL_UARTEx_RxEventCallback	8	static
../Core/Src/main.c:585:6:HAL_UART_TxCpltCallback	8	static
../Core/Src/main.c:591:6:HAL_UART_ErrorCallback	16	static
../Core/Src/main.c:615:6:HAL_ADC_ConvCpltCallback	0	static
../Core/Src/main.c:629:6:Error_Handler	8	static,ignoring_inline_asm
../Core/Src/main.c:167:6:SystemClock_Config	96	static
../Core/Src/main.c:80:5:main	184	static
