../Core/Src/main.c:67:5:__io_putchar	16	static
../Core/Src/main.c:630:6:HAL_TIM_PeriodElapsedCallback	0	static
../Core/Src/main.c:636:6:HAL_UARTEx_RxEventCallback	8	static
../Core/Src/main.c:655:6:HAL_UART_TxCpltCallback	8	static
../Core/Src/main.c:660:6:HAL_UART_ErrorCallback	120	static
../Core/Src/main.c:678:6:HAL_ADC_ConvCpltCallback	0	static
../Core/Src/main.c:694:6:Error_Handler	8	static,ignoring_inline_asm
../Core/Src/main.c:198:6:SystemClock_Config	88	static
../Core/Src/main.c:83:5:main	184	static
