../Core/Src/main.c:69:5:__io_putchar	16	static
../Core/Src/main.c:605:6:HAL_TIM_PeriodElapsedCallback	0	static
../Core/Src/main.c:611:6:HAL_UART_RxCpltCallback	0	static
../Core/Src/main.c:615:6:HAL_UART_TxCpltCallback	8	static
../Core/Src/main.c:621:6:HAL_UART_ErrorCallback	8	static
../Core/Src/main.c:627:6:HAL_ADC_ConvCpltCallback	0	static
../Core/Src/main.c:643:6:Error_Handler	8	static,ignoring_inline_asm
../Core/Src/main.c:176:6:SystemClock_Config	88	static
../Core/Src/main.c:85:5:main	184	static
