../Core/Src/foc.c:34:9:clip	0	static
../Core/Src/foc.c:53:9:min3	0	static
../Core/Src/foc.c:57:9:max3	0	static
../Core/Src/foc.c:61:9:abs16	0	static
../Core/Src/foc.c:66:9:abs32	0	static
../Core/Src/foc.c:71:9:pad14	0	static
../Core/Src/foc.c:149:6:foc_startup	40	static
../Core/Src/foc.c:207:6:foc_loop	88	static
../Core/Src/foc.c:454:6:HAL_UART_RxCpltCallback	0	static
../Core/Src/foc.c:458:6:HAL_UART_TxCpltCallback	8	static
../Core/Src/foc.c:464:6:HAL_UART_ErrorCallback	8	static
../Core/Src/foc.c:471:6:HAL_ADC_ConvCpltCallback	8	static
