../Core/Src/main.c:69:5:__io_putchar	16	static
../Core/Src/main.c:602:6:HAL_TIM_PeriodElapsedCallback	0	static
../Core/Src/main.c:608:6:HAL_UART_RxCpltCallback	0	static
../Core/Src/main.c:612:6:HAL_UART_TxCpltCallback	8	static
../Core/Src/main.c:618:6:HAL_UART_ErrorCallback	8	static
../Core/Src/main.c:624:6:HAL_ADC_ConvCpltCallback	0	static
../Core/Src/main.c:639:6:Error_Handler	8	static,ignoring_inline_asm
../Core/Src/main.c:173:6:SystemClock_Config	88	static
../Core/Src/main.c:85:5:main	184	static
