../Core/Src/main.c:106:1:__io_putchar	16	static
../Core/Src/main.c:836:6:HAL_TIM_PeriodElapsedCallback	0	static
../Core/Src/main.c:851:6:HAL_I2C_SlaveTxCpltCallback	0	static
../Core/Src/main.c:863:6:HAL_I2C_SlaveRxCpltCallback	0	static
../Core/Src/main.c:899:6:HAL_I2C_ListenCpltCallback	0	static
../Core/Src/main.c:926:6:Error_Handler	8	static,ignoring_inline_asm
../Core/Src/main.c:371:6:SystemClock_Config	96	static
../Core/Src/main.c:123:5:main	216	static
../Core/Src/main.c:875:6:HAL_I2C_AddrCallback	16	static
../Core/Src/main.c:910:6:HAL_I2C_ErrorCallback	8	static
