../Drivers/CMSIS/Include/core_cm0.h:856:34:__NVIC_SystemReset	8	static,ignoring_inline_asm
../Core/Src/main.c:100:5:main	128	static
../Core/Src/main.c:213:6:SystemClock_Config	96	static
../Core/Src/main.c:262:13:MX_ADC_Init	24	static
../Core/Src/main.c:349:13:MX_I2C1_Init	8	static
../Core/Src/main.c:397:13:MX_SPI1_Init	8	static
../Core/Src/main.c:437:13:MX_TIM1_Init	112	static
../Core/Src/main.c:530:13:MX_USART1_UART_Init	8	static
../Core/Src/main.c:565:13:MX_GPIO_Init	48	static
../Core/Src/main.c:601:6:Serialprint	16	static
../Core/Src/main.c:613:6:HAL_I2C_SlaveTxCpltCallback	16	static
../Core/Src/main.c:625:6:HAL_I2C_SlaveRxCpltCallback	16	static
../Core/Src/main.c:637:6:HAL_I2C_AddrCallback	32	static
../Core/Src/main.c:670:6:HAL_I2C_ListenCpltCallback	16	static
../Core/Src/main.c:681:6:HAL_I2C_ErrorCallback	16	static
../Core/Src/main.c:697:6:Error_Handler	8	static,ignoring_inline_asm
