../Core/Src/main.c:90:5:main	24	static
../Core/Src/main.c:169:6:SystemClock_Config	96	static
../Core/Src/main.c:218:13:MX_ADC_Init	24	static
../Core/Src/main.c:296:13:MX_I2C1_Init	8	static
../Core/Src/main.c:344:13:MX_SPI1_Init	8	static
../Core/Src/main.c:384:13:MX_TIM1_Init	112	static
../Core/Src/main.c:477:13:MX_USART1_UART_Init	8	static
../Core/Src/main.c:512:13:MX_GPIO_Init	48	static
../Core/Src/main.c:549:6:HAL_I2C_SlaveTxCpltCallback	16	static
../Core/Src/main.c:563:6:HAL_I2C_SlaveRxCpltCallback	16	static
../Core/Src/main.c:582:6:HAL_I2C_AddrCallback	32	static
../Core/Src/main.c:614:6:HAL_I2C_ListenCpltCallback	16	static
../Core/Src/main.c:625:6:HAL_I2C_ErrorCallback	16	static
../Core/Src/main.c:641:6:Error_Handler	8	static
