../Drivers/CMSIS/Include/core_cm0.h:856:34:__NVIC_SystemReset	8	static,ignoring_inline_asm
../Core/Src/main.c:107:5:main	128	static
../Core/Src/main.c:253:6:SystemClock_Config	96	static
../Core/Src/main.c:302:13:MX_ADC_Init	24	static
../Core/Src/main.c:396:13:MX_I2C1_Init	8	static
../Core/Src/main.c:444:13:MX_SPI1_Init	8	static
../Core/Src/main.c:484:13:MX_TIM1_Init	112	static
../Core/Src/main.c:577:13:MX_USART1_UART_Init	8	static
../Core/Src/main.c:610:13:MX_DMA_Init	16	static
../Core/Src/main.c:628:13:MX_GPIO_Init	48	static
../Core/Src/main.c:664:6:Serialprint	16	static
../Core/Src/main.c:676:6:HAL_I2C_SlaveTxCpltCallback	16	static
../Core/Src/main.c:688:6:HAL_I2C_SlaveRxCpltCallback	16	static
../Core/Src/main.c:700:6:HAL_I2C_AddrCallback	32	static
../Core/Src/main.c:733:6:HAL_I2C_ListenCpltCallback	16	static
../Core/Src/main.c:744:6:HAL_I2C_ErrorCallback	16	static
../Core/Src/main.c:760:6:Error_Handler	8	static,ignoring_inline_asm
