../Drivers/CMSIS/Include/core_cm0.h:856:34:__NVIC_SystemReset	8	static,ignoring_inline_asm
../Core/Src/main.c:107:1:__io_putchar	16	static
../Core/Src/main.c:124:5:main	80	static
../Core/Src/main.c:378:6:SystemClock_Config	96	static
../Core/Src/main.c:427:13:MX_ADC_Init	24	static
../Core/Src/main.c:521:13:MX_I2C1_Init	8	static
../Core/Src/main.c:569:13:MX_SPI1_Init	8	static
../Core/Src/main.c:609:13:MX_TIM1_Init	112	static
../Core/Src/main.c:702:13:MX_TIM2_Init	32	static
../Core/Src/main.c:747:13:MX_USART1_UART_Init	8	static
../Core/Src/main.c:780:13:MX_DMA_Init	16	static
../Core/Src/main.c:801:13:MX_GPIO_Init	48	static
../Core/Src/main.c:846:6:HAL_TIM_PeriodElapsedCallback	16	static
../Core/Src/main.c:861:6:HAL_I2C_SlaveTxCpltCallback	16	static
../Core/Src/main.c:873:6:HAL_I2C_SlaveRxCpltCallback	16	static
../Core/Src/main.c:885:6:HAL_I2C_AddrCallback	32	static
../Core/Src/main.c:912:6:HAL_I2C_ErrorCallback	16	static
../Core/Src/main.c:928:6:Error_Handler	8	static,ignoring_inline_asm
