../Drivers/CMSIS/Include/core_cm0.h:856:34:__NVIC_SystemReset	8	static,ignoring_inline_asm
../Core/Src/main.c:107:5:main	128	static
../Core/Src/main.c:233:6:SystemClock_Config	96	static
../Core/Src/main.c:282:13:MX_ADC_Init	24	static
../Core/Src/main.c:376:13:MX_I2C1_Init	8	static
../Core/Src/main.c:424:13:MX_SPI1_Init	8	static
../Core/Src/main.c:464:13:MX_TIM1_Init	112	static
../Core/Src/main.c:557:13:MX_USART1_UART_Init	8	static
../Core/Src/main.c:590:13:MX_DMA_Init	16	static
../Core/Src/main.c:608:13:MX_GPIO_Init	48	static
../Core/Src/main.c:644:6:Serialprint	16	static
../Core/Src/main.c:656:6:HAL_I2C_SlaveTxCpltCallback	16	static
../Core/Src/main.c:668:6:HAL_I2C_SlaveRxCpltCallback	16	static
../Core/Src/main.c:680:6:HAL_I2C_AddrCallback	32	static
../Core/Src/main.c:713:6:HAL_I2C_ListenCpltCallback	16	static
../Core/Src/main.c:724:6:HAL_I2C_ErrorCallback	16	static
../Core/Src/main.c:740:6:Error_Handler	8	static,ignoring_inline_asm
