../Drivers/CMSIS/Include/core_cm0.h:856:34:__NVIC_SystemReset	8	static,ignoring_inline_asm
../Core/Src/main.c:90:5:main	24	static
../Core/Src/main.c:178:6:SystemClock_Config	96	static
../Core/Src/main.c:227:13:MX_ADC_Init	24	static
../Core/Src/main.c:305:13:MX_I2C1_Init	8	static
../Core/Src/main.c:353:13:MX_SPI1_Init	8	static
../Core/Src/main.c:393:13:MX_TIM1_Init	112	static
../Core/Src/main.c:486:13:MX_USART1_UART_Init	8	static
../Core/Src/main.c:521:13:MX_GPIO_Init	48	static
../Core/Src/main.c:554:6:Serialprint	16	static
../Core/Src/main.c:566:6:HAL_I2C_SlaveTxCpltCallback	16	static
../Core/Src/main.c:580:6:HAL_I2C_SlaveRxCpltCallback	16	static
../Core/Src/main.c:596:6:HAL_I2C_AddrCallback	32	static
../Core/Src/main.c:629:6:HAL_I2C_ListenCpltCallback	16	static
../Core/Src/main.c:640:6:HAL_I2C_ErrorCallback	16	static
../Core/Src/main.c:656:6:Error_Handler	8	static,ignoring_inline_asm
