../Drivers/CMSIS/Include/core_cm0.h:856:34:__NVIC_SystemReset	8	static,ignoring_inline_asm
../Core/Src/main.c:87:1:__io_putchar	16	static
../Core/Src/main.c:104:5:main	32	static
../Core/Src/main.c:279:6:SystemClock_Config	96	static
../Core/Src/main.c:328:13:MX_ADC_Init	24	static
../Core/Src/main.c:422:13:MX_I2C1_Init	8	static
../Core/Src/main.c:470:13:MX_SPI1_Init	8	static
../Core/Src/main.c:510:13:MX_TIM1_Init	112	static
../Core/Src/main.c:603:13:MX_USART1_UART_Init	8	static
../Core/Src/main.c:636:13:MX_DMA_Init	16	static
../Core/Src/main.c:654:13:MX_GPIO_Init	48	static
../Core/Src/main.c:690:6:Serialprint	16	static
../Core/Src/main.c:702:6:HAL_I2C_SlaveTxCpltCallback	16	static
../Core/Src/main.c:714:6:HAL_I2C_SlaveRxCpltCallback	16	static
../Core/Src/main.c:726:6:HAL_I2C_AddrCallback	32	static
../Core/Src/main.c:759:6:HAL_I2C_ListenCpltCallback	16	static
../Core/Src/main.c:770:6:HAL_I2C_ErrorCallback	16	static
../Core/Src/main.c:786:6:Error_Handler	8	static,ignoring_inline_asm
