../Drivers/CMSIS/Include/core_cm0.h:856:34:__NVIC_SystemReset	8	static,ignoring_inline_asm
../Core/Src/main.c:90:1:__io_putchar	16	static
../Core/Src/main.c:107:5:main	40	static
../Core/Src/main.c:271:6:SystemClock_Config	96	static
../Core/Src/main.c:320:13:MX_ADC_Init	24	static
../Core/Src/main.c:414:13:MX_I2C1_Init	8	static
../Core/Src/main.c:462:13:MX_SPI1_Init	8	static
../Core/Src/main.c:502:13:MX_TIM1_Init	112	static
../Core/Src/main.c:595:13:MX_USART1_UART_Init	8	static
../Core/Src/main.c:628:13:MX_DMA_Init	16	static
../Core/Src/main.c:646:13:MX_GPIO_Init	48	static
../Core/Src/main.c:688:6:HAL_I2C_SlaveTxCpltCallback	16	static
../Core/Src/main.c:700:6:HAL_I2C_SlaveRxCpltCallback	16	static
../Core/Src/main.c:712:6:HAL_I2C_AddrCallback	32	static
../Core/Src/main.c:745:6:HAL_I2C_ListenCpltCallback	16	static
../Core/Src/main.c:756:6:HAL_I2C_ErrorCallback	16	static
../Core/Src/main.c:772:6:Error_Handler	8	static,ignoring_inline_asm
