../Drivers/CMSIS/Include/core_cm0.h:856:34:__NVIC_SystemReset	8	static,ignoring_inline_asm
../Core/Src/main.c:107:5:main	128	static
../Core/Src/main.c:255:6:SystemClock_Config	96	static
../Core/Src/main.c:304:13:MX_ADC_Init	24	static
../Core/Src/main.c:398:13:MX_I2C1_Init	8	static
../Core/Src/main.c:446:13:MX_SPI1_Init	8	static
../Core/Src/main.c:486:13:MX_TIM1_Init	96	static
../Core/Src/main.c:566:13:MX_USART1_UART_Init	8	static
../Core/Src/main.c:599:13:MX_DMA_Init	16	static
../Core/Src/main.c:617:13:MX_GPIO_Init	48	static
../Core/Src/main.c:663:6:Serialprint	16	static
../Core/Src/main.c:675:6:HAL_I2C_SlaveTxCpltCallback	16	static
../Core/Src/main.c:687:6:HAL_I2C_SlaveRxCpltCallback	16	static
../Core/Src/main.c:699:6:HAL_I2C_AddrCallback	32	static
../Core/Src/main.c:732:6:HAL_I2C_ListenCpltCallback	16	static
../Core/Src/main.c:743:6:HAL_I2C_ErrorCallback	16	static
../Core/Src/main.c:759:6:Error_Handler	8	static,ignoring_inline_asm
