../Drivers/CMSIS/Include/core_cm0.h:856:34:__NVIC_SystemReset	8	static,ignoring_inline_asm
../Core/Src/main.c:100:5:main	128	static
../Core/Src/main.c:213:6:SystemClock_Config	96	static
../Core/Src/main.c:262:13:MX_ADC_Init	24	static
../Core/Src/main.c:348:13:MX_I2C1_Init	8	static
../Core/Src/main.c:396:13:MX_SPI1_Init	8	static
../Core/Src/main.c:436:13:MX_TIM1_Init	112	static
../Core/Src/main.c:529:13:MX_USART1_UART_Init	8	static
../Core/Src/main.c:564:13:MX_GPIO_Init	48	static
../Core/Src/main.c:600:6:Serialprint	16	static
../Core/Src/main.c:612:6:HAL_I2C_SlaveTxCpltCallback	16	static
../Core/Src/main.c:624:6:HAL_I2C_SlaveRxCpltCallback	16	static
../Core/Src/main.c:636:6:HAL_I2C_AddrCallback	32	static
../Core/Src/main.c:669:6:HAL_I2C_ListenCpltCallback	16	static
../Core/Src/main.c:680:6:HAL_I2C_ErrorCallback	16	static
../Core/Src/main.c:696:6:Error_Handler	8	static,ignoring_inline_asm
