../Core/Src/stm32f0xx_it.c:72:6:NMI_Handler	8	static
../Core/Src/stm32f0xx_it.c:87:6:HardFault_Handler	8	static
../Core/Src/stm32f0xx_it.c:102:6:SVC_Handler	8	static
../Core/Src/stm32f0xx_it.c:115:6:PendSV_Handler	8	static
../Core/Src/stm32f0xx_it.c:128:6:SysTick_Handler	8	static
../Core/Src/stm32f0xx_it.c:149:6:DMA1_Channel1_IRQHandler	8	static
../Core/Src/stm32f0xx_it.c:163:6:DMA1_Channel2_3_IRQHandler	8	static
../Core/Src/stm32f0xx_it.c:177:6:TIM2_IRQHandler	8	static
../Core/Src/stm32f0xx_it.c:191:6:I2C1_IRQHandler	8	static
