../Drivers/STM32F0xx_HAL_Driver/Src/stm32f0xx_hal_adc.c:397:19:HAL_ADC_Init	24	static
../Drivers/STM32F0xx_HAL_Driver/Src/stm32f0xx_hal_adc.c:639:19:HAL_ADC_DeInit	32	static
../Drivers/STM32F0xx_HAL_Driver/Src/stm32f0xx_hal_adc.c:765:13:HAL_ADC_MspInit	16	static
../Drivers/STM32F0xx_HAL_Driver/Src/stm32f0xx_hal_adc.c:780:13:HAL_ADC_MspDeInit	16	static
../Drivers/STM32F0xx_HAL_Driver/Src/stm32f0xx_hal_adc.c:1018:19:HAL_ADC_Start	32	static
../Drivers/STM32F0xx_HAL_Driver/Src/stm32f0xx_hal_adc.c:1083:19:HAL_ADC_Stop	32	static
../Drivers/STM32F0xx_HAL_Driver/Src/stm32f0xx_hal_adc.c:1137:19:HAL_ADC_PollForConversion	24	static
../Drivers/STM32F0xx_HAL_Driver/Src/stm32f0xx_hal_adc.c:1261:19:HAL_ADC_PollForEvent	32	static
../Drivers/STM32F0xx_HAL_Driver/Src/stm32f0xx_hal_adc.c:1341:19:HAL_ADC_Start_IT	32	static
../Drivers/STM32F0xx_HAL_Driver/Src/stm32f0xx_hal_adc.c:1422:19:HAL_ADC_Stop_IT	32	static
../Drivers/STM32F0xx_HAL_Driver/Src/stm32f0xx_hal_adc.c:1475:19:HAL_ADC_Start_DMA	40	static
../Drivers/STM32F0xx_HAL_Driver/Src/stm32f0xx_hal_adc.c:1564:19:HAL_ADC_Stop_DMA	32	static
../Drivers/STM32F0xx_HAL_Driver/Src/stm32f0xx_hal_adc.c:1649:10:HAL_ADC_GetValue	16	static
../Drivers/STM32F0xx_HAL_Driver/Src/stm32f0xx_hal_adc.c:1666:6:HAL_ADC_IRQHandler	24	static
../Drivers/STM32F0xx_HAL_Driver/Src/stm32f0xx_hal_adc.c:1794:13:HAL_ADC_ConvCpltCallback	16	static
../Drivers/STM32F0xx_HAL_Driver/Src/stm32f0xx_hal_adc.c:1809:13:HAL_ADC_ConvHalfCpltCallback	16	static
../Drivers/STM32F0xx_HAL_Driver/Src/stm32f0xx_hal_adc.c:1824:13:HAL_ADC_LevelOutOfWindowCallback	16	static
../Drivers/STM32F0xx_HAL_Driver/Src/stm32f0xx_hal_adc.c:1840:13:HAL_ADC_ErrorCallback	16	static
../Drivers/STM32F0xx_HAL_Driver/Src/stm32f0xx_hal_adc.c:1894:19:HAL_ADC_ConfigChannel	24	static
../Drivers/STM32F0xx_HAL_Driver/Src/stm32f0xx_hal_adc.c:2027:19:HAL_ADC_AnalogWDGConfig	32	static
../Drivers/STM32F0xx_HAL_Driver/Src/stm32f0xx_hal_adc.c:2149:10:HAL_ADC_GetState	16	static
../Drivers/STM32F0xx_HAL_Driver/Src/stm32f0xx_hal_adc.c:2163:10:HAL_ADC_GetError	16	static
../Drivers/STM32F0xx_HAL_Driver/Src/stm32f0xx_hal_adc.c:2193:26:ADC_Enable	24	static
../Drivers/STM32F0xx_HAL_Driver/Src/stm32f0xx_hal_adc.c:2261:26:ADC_Disable	24	static
../Drivers/STM32F0xx_HAL_Driver/Src/stm32f0xx_hal_adc.c:2322:26:ADC_ConversionStop	24	static
../Drivers/STM32F0xx_HAL_Driver/Src/stm32f0xx_hal_adc.c:2376:13:ADC_DMAConvCplt	24	static
../Drivers/STM32F0xx_HAL_Driver/Src/stm32f0xx_hal_adc.c:2441:13:ADC_DMAHalfConvCplt	24	static
../Drivers/STM32F0xx_HAL_Driver/Src/stm32f0xx_hal_adc.c:2459:13:ADC_DMAError	24	static
