../Drivers/STM32F0xx_HAL_Driver/Src/stm32f0xx_hal_uart.c:3510:13:UART_EndRxTransfer	12	static,ignoring_inline_asm
../Drivers/STM32F0xx_HAL_Driver/Src/stm32f0xx_hal_uart.c:3913:13:UART_TxISR_8BIT.part.0	12	static,ignoring_inline_asm
../Drivers/STM32F0xx_HAL_Driver/Src/stm32f0xx_hal_uart.c:3913:13:UART_TxISR_8BIT	8	static
../Drivers/STM32F0xx_HAL_Driver/Src/stm32f0xx_hal_uart.c:3942:13:UART_TxISR_16BIT	8	static
../Drivers/STM32F0xx_HAL_Driver/Src/stm32f0xx_hal_uart.c:713:13:HAL_UART_MspInit	0	static
../Drivers/STM32F0xx_HAL_Driver/Src/stm32f0xx_hal_uart.c:728:13:HAL_UART_MspDeInit	0	static
../Drivers/STM32F0xx_HAL_Driver/Src/stm32f0xx_hal_uart.c:666:19:HAL_UART_DeInit	16	static
../Drivers/STM32F0xx_HAL_Driver/Src/stm32f0xx_hal_uart.c:1354:19:HAL_UART_Transmit_IT	8	static,ignoring_inline_asm
../Drivers/STM32F0xx_HAL_Driver/Src/stm32f0xx_hal_uart.c:1473:19:HAL_UART_Transmit_DMA	24	static,ignoring_inline_asm
../Drivers/STM32F0xx_HAL_Driver/Src/stm32f0xx_hal_uart.c:1603:19:HAL_UART_DMAPause	16	static,ignoring_inline_asm
../Drivers/STM32F0xx_HAL_Driver/Src/stm32f0xx_hal_uart.c:1633:19:HAL_UART_DMAResume	8	static,ignoring_inline_asm
../Drivers/STM32F0xx_HAL_Driver/Src/stm32f0xx_hal_uart.c:1664:19:HAL_UART_DMAStop	16	static,ignoring_inline_asm
../Drivers/STM32F0xx_HAL_Driver/Src/stm32f0xx_hal_uart.c:1739:19:HAL_UART_Abort	16	static,ignoring_inline_asm
../Drivers/STM32F0xx_HAL_Driver/Src/stm32f0xx_hal_uart.c:1836:19:HAL_UART_AbortTransmit	16	static,ignoring_inline_asm
../Drivers/STM32F0xx_HAL_Driver/Src/stm32f0xx_hal_uart.c:1889:19:HAL_UART_AbortReceive	16	static,ignoring_inline_asm
../Drivers/STM32F0xx_HAL_Driver/Src/stm32f0xx_hal_uart.c:2588:13:HAL_UART_TxCpltCallback	0	static
../Drivers/STM32F0xx_HAL_Driver/Src/stm32f0xx_hal_uart.c:3536:13:UART_DMATransmitCplt	16	static,ignoring_inline_asm
../Drivers/STM32F0xx_HAL_Driver/Src/stm32f0xx_hal_uart.c:2603:13:HAL_UART_TxHalfCpltCallback	0	static
../Drivers/STM32F0xx_HAL_Driver/Src/stm32f0xx_hal_uart.c:3570:13:UART_DMATxHalfCplt	8	static
../Drivers/STM32F0xx_HAL_Driver/Src/stm32f0xx_hal_uart.c:2618:13:HAL_UART_RxCpltCallback	0	static
../Drivers/STM32F0xx_HAL_Driver/Src/stm32f0xx_hal_uart.c:2633:13:HAL_UART_RxHalfCpltCallback	0	static
../Drivers/STM32F0xx_HAL_Driver/Src/stm32f0xx_hal_uart.c:2648:13:HAL_UART_ErrorCallback	0	static
../Drivers/STM32F0xx_HAL_Driver/Src/stm32f0xx_hal_uart.c:3687:13:UART_DMAError	16	static,ignoring_inline_asm
../Drivers/STM32F0xx_HAL_Driver/Src/stm32f0xx_hal_uart.c:3727:13:UART_DMAAbortOnError	8	static
../Drivers/STM32F0xx_HAL_Driver/Src/stm32f0xx_hal_uart.c:2663:13:HAL_UART_AbortCpltCallback	0	static
../Drivers/STM32F0xx_HAL_Driver/Src/stm32f0xx_hal_uart.c:1957:19:HAL_UART_Abort_IT	16	static,ignoring_inline_asm
../Drivers/STM32F0xx_HAL_Driver/Src/stm32f0xx_hal_uart.c:3800:13:UART_DMARxAbortCallback	8	static
../Drivers/STM32F0xx_HAL_Driver/Src/stm32f0xx_hal_uart.c:3750:13:UART_DMATxAbortCallback	8	static
../Drivers/STM32F0xx_HAL_Driver/Src/stm32f0xx_hal_uart.c:2678:13:HAL_UART_AbortTransmitCpltCallback	0	static
../Drivers/STM32F0xx_HAL_Driver/Src/stm32f0xx_hal_uart.c:2104:19:HAL_UART_AbortTransmit_IT	16	static,ignoring_inline_asm
../Drivers/STM32F0xx_HAL_Driver/Src/stm32f0xx_hal_uart.c:3852:13:UART_DMATxOnlyAbortCallback	8	static
../Drivers/STM32F0xx_HAL_Driver/Src/stm32f0xx_hal_uart.c:2693:13:HAL_UART_AbortReceiveCpltCallback	0	static
../Drivers/STM32F0xx_HAL_Driver/Src/stm32f0xx_hal_uart.c:2189:19:HAL_UART_AbortReceive_IT	16	static,ignoring_inline_asm
../Drivers/STM32F0xx_HAL_Driver/Src/stm32f0xx_hal_uart.c:3880:13:UART_DMARxOnlyAbortCallback	16	static
../Drivers/STM32F0xx_HAL_Driver/Src/stm32f0xx_hal_uart.c:2710:13:HAL_UARTEx_RxEventCallback	0	static
../Drivers/STM32F0xx_HAL_Driver/Src/stm32f0xx_hal_uart.c:2282:6:HAL_UART_IRQHandler	24	static,ignoring_inline_asm
../Drivers/STM32F0xx_HAL_Driver/Src/stm32f0xx_hal_uart.c:3999:13:UART_RxISR_8BIT	24	static,ignoring_inline_asm
../Drivers/STM32F0xx_HAL_Driver/Src/stm32f0xx_hal_uart.c:4087:13:UART_RxISR_16BIT	24	static,ignoring_inline_asm
../Drivers/STM32F0xx_HAL_Driver/Src/stm32f0xx_hal_uart.c:3649:13:UART_DMARxHalfCplt	8	static
../Drivers/STM32F0xx_HAL_Driver/Src/stm32f0xx_hal_uart.c:3588:13:UART_DMAReceiveCplt	16	static,ignoring_inline_asm
../Drivers/STM32F0xx_HAL_Driver/Src/stm32f0xx_hal_uart.c:2758:6:HAL_UART_ReceiverTimeout_Config	0	static
../Drivers/STM32F0xx_HAL_Driver/Src/stm32f0xx_hal_uart.c:2770:19:HAL_UART_EnableReceiverTimeout	12	static
../Drivers/STM32F0xx_HAL_Driver/Src/stm32f0xx_hal_uart.c:2801:19:HAL_UART_DisableReceiverTimeout	12	static
../Drivers/STM32F0xx_HAL_Driver/Src/stm32f0xx_hal_uart.c:2872:6:HAL_MultiProcessor_EnterMuteMode	0	static
../Drivers/STM32F0xx_HAL_Driver/Src/stm32f0xx_hal_uart.c:2882:19:HAL_HalfDuplex_EnableTransmitter	16	static,ignoring_inline_asm
../Drivers/STM32F0xx_HAL_Driver/Src/stm32f0xx_hal_uart.c:2905:19:HAL_HalfDuplex_EnableReceiver	16	static,ignoring_inline_asm
../Drivers/STM32F0xx_HAL_Driver/Src/stm32f0xx_hal_uart.c:2930:19:HAL_LIN_SendBreak	8	static
../Drivers/STM32F0xx_HAL_Driver/Src/stm32f0xx_hal_uart.c:2976:23:HAL_UART_GetState	0	static
../Drivers/STM32F0xx_HAL_Driver/Src/stm32f0xx_hal_uart.c:2992:10:HAL_UART_GetError	0	static
../Drivers/STM32F0xx_HAL_Driver/Src/stm32f0xx_hal_uart.c:3040:19:UART_SetConfig	16	static
../Drivers/STM32F0xx_HAL_Driver/Src/stm32f0xx_hal_uart.c:3178:6:UART_AdvFeatureConfig	12	static
../Drivers/STM32F0xx_HAL_Driver/Src/stm32f0xx_hal_uart.c:3321:19:UART_WaitOnFlagUntilTimeout	32	static
../Drivers/STM32F0xx_HAL_Driver/Src/stm32f0xx_hal_uart.c:1152:19:HAL_UART_Transmit	40	static
../Drivers/STM32F0xx_HAL_Driver/Src/stm32f0xx_hal_uart.c:1254:19:HAL_UART_Receive	48	static
../Drivers/STM32F0xx_HAL_Driver/Src/stm32f0xx_hal_uart.c:3252:19:UART_CheckIdleState	32	static,ignoring_inline_asm
../Drivers/STM32F0xx_HAL_Driver/Src/stm32f0xx_hal_uart.c:289:19:HAL_UART_Init	8	static
../Drivers/STM32F0xx_HAL_Driver/Src/stm32f0xx_hal_uart.c:378:19:HAL_HalfDuplex_Init	8	static
../Drivers/STM32F0xx_HAL_Driver/Src/stm32f0xx_hal_uart.c:466:19:HAL_LIN_Init	16	static
../Drivers/STM32F0xx_HAL_Driver/Src/stm32f0xx_hal_uart.c:576:19:HAL_MultiProcessor_Init	16	static
../Drivers/STM32F0xx_HAL_Driver/Src/stm32f0xx_hal_uart.c:2832:19:HAL_MultiProcessor_EnableMuteMode	8	static,ignoring_inline_asm
../Drivers/STM32F0xx_HAL_Driver/Src/stm32f0xx_hal_uart.c:2852:19:HAL_MultiProcessor_DisableMuteMode	8	static,ignoring_inline_asm
../Drivers/STM32F0xx_HAL_Driver/Src/stm32f0xx_hal_uart.c:3389:19:UART_Start_Receive_IT	8	static,ignoring_inline_asm
../Drivers/STM32F0xx_HAL_Driver/Src/stm32f0xx_hal_uart.c:1419:19:HAL_UART_Receive_IT	16	static,ignoring_inline_asm
../Drivers/STM32F0xx_HAL_Driver/Src/stm32f0xx_hal_uart.c:3438:19:UART_Start_Receive_DMA	24	static,ignoring_inline_asm
../Drivers/STM32F0xx_HAL_Driver/Src/stm32f0xx_hal_uart.c:1559:19:HAL_UART_Receive_DMA	16	static,ignoring_inline_asm
