../Drivers/STM32F0xx_HAL_Driver/Src/stm32f0xx_hal_spi.c:3964:26:SPI_WaitFifoStateUntilTimeout.constprop	40	static
../Drivers/STM32F0xx_HAL_Driver/Src/stm32f0xx_hal_spi.c:4080:26:SPI_EndRxTxTransaction	56	static
../Drivers/STM32F0xx_HAL_Driver/Src/stm32f0xx_hal_spi.c:3895:26:SPI_WaitFlagStateUntilTimeout.constprop	32	static
../Drivers/STM32F0xx_HAL_Driver/Src/stm32f0xx_hal_spi.c:4080:26:SPI_EndRxTxTransaction.constprop	32	static
../Drivers/STM32F0xx_HAL_Driver/Src/stm32f0xx_hal_spi.c:4339:13:SPI_AbortTx_ISR	24	static
../Drivers/STM32F0xx_HAL_Driver/Src/stm32f0xx_hal_spi.c:4295:13:SPI_AbortRx_ISR	48	static
../Drivers/STM32F0xx_HAL_Driver/Src/stm32f0xx_hal_spi.c:533:13:HAL_SPI_MspInit	0	static
../Drivers/STM32F0xx_HAL_Driver/Src/stm32f0xx_hal_spi.c:314:19:HAL_SPI_Init	40	static
../Drivers/STM32F0xx_HAL_Driver/Src/stm32f0xx_hal_spi.c:549:13:HAL_SPI_MspDeInit	0	static
../Drivers/STM32F0xx_HAL_Driver/Src/stm32f0xx_hal_spi.c:489:19:HAL_SPI_DeInit	16	static
../Drivers/STM32F0xx_HAL_Driver/Src/stm32f0xx_hal_spi.c:821:19:HAL_SPI_Transmit	40	static
../Drivers/STM32F0xx_HAL_Driver/Src/stm32f0xx_hal_spi.c:1236:19:HAL_SPI_TransmitReceive	32	static
../Drivers/STM32F0xx_HAL_Driver/Src/stm32f0xx_hal_spi.c:991:19:HAL_SPI_Receive	48	static
../Drivers/STM32F0xx_HAL_Driver/Src/stm32f0xx_hal_spi.c:1521:19:HAL_SPI_Transmit_IT	12	static
../Drivers/STM32F0xx_HAL_Driver/Src/stm32f0xx_hal_spi.c:1714:19:HAL_SPI_TransmitReceive_IT	20	static
../Drivers/STM32F0xx_HAL_Driver/Src/stm32f0xx_hal_spi.c:1606:19:HAL_SPI_Receive_IT	24	static
../Drivers/STM32F0xx_HAL_Driver/Src/stm32f0xx_hal_spi.c:1823:19:HAL_SPI_Transmit_DMA	24	static
../Drivers/STM32F0xx_HAL_Driver/Src/stm32f0xx_hal_spi.c:2100:19:HAL_SPI_TransmitReceive_DMA	24	static
../Drivers/STM32F0xx_HAL_Driver/Src/stm32f0xx_hal_spi.c:1947:19:HAL_SPI_Receive_DMA	24	static
../Drivers/STM32F0xx_HAL_Driver/Src/stm32f0xx_hal_spi.c:2300:19:HAL_SPI_Abort	32	static
../Drivers/STM32F0xx_HAL_Driver/Src/stm32f0xx_hal_spi.c:2621:19:HAL_SPI_DMAPause	8	static
../Drivers/STM32F0xx_HAL_Driver/Src/stm32f0xx_hal_spi.c:2641:19:HAL_SPI_DMAResume	8	static
../Drivers/STM32F0xx_HAL_Driver/Src/stm32f0xx_hal_spi.c:2661:19:HAL_SPI_DMAStop	16	static
../Drivers/STM32F0xx_HAL_Driver/Src/stm32f0xx_hal_spi.c:2808:13:HAL_SPI_TxCpltCallback	0	static
../Drivers/STM32F0xx_HAL_Driver/Src/stm32f0xx_hal_spi.c:2824:13:HAL_SPI_RxCpltCallback	0	static
../Drivers/STM32F0xx_HAL_Driver/Src/stm32f0xx_hal_spi.c:2840:13:HAL_SPI_TxRxCpltCallback	0	static
../Drivers/STM32F0xx_HAL_Driver/Src/stm32f0xx_hal_spi.c:2856:13:HAL_SPI_TxHalfCpltCallback	0	static
../Drivers/STM32F0xx_HAL_Driver/Src/stm32f0xx_hal_spi.c:3268:13:SPI_DMAHalfTransmitCplt	8	static
../Drivers/STM32F0xx_HAL_Driver/Src/stm32f0xx_hal_spi.c:2872:13:HAL_SPI_RxHalfCpltCallback	0	static
../Drivers/STM32F0xx_HAL_Driver/Src/stm32f0xx_hal_spi.c:3286:13:SPI_DMAHalfReceiveCplt	8	static
../Drivers/STM32F0xx_HAL_Driver/Src/stm32f0xx_hal_spi.c:2888:13:HAL_SPI_TxRxHalfCpltCallback	0	static
../Drivers/STM32F0xx_HAL_Driver/Src/stm32f0xx_hal_spi.c:3304:13:SPI_DMAHalfTransmitReceiveCplt	8	static
../Drivers/STM32F0xx_HAL_Driver/Src/stm32f0xx_hal_spi.c:2904:13:HAL_SPI_ErrorCallback	0	static
../Drivers/STM32F0xx_HAL_Driver/Src/stm32f0xx_hal_spi.c:3840:13:SPI_TxISR_8BIT	16	static
../Drivers/STM32F0xx_HAL_Driver/Src/stm32f0xx_hal_spi.c:3751:13:SPI_RxISR_8BIT	32	static
../Drivers/STM32F0xx_HAL_Driver/Src/stm32f0xx_hal_spi.c:3498:13:SPI_2linesRxISR_8BIT	16	static
../Drivers/STM32F0xx_HAL_Driver/Src/stm32f0xx_hal_spi.c:3322:13:SPI_DMAError	8	static
../Drivers/STM32F0xx_HAL_Driver/Src/stm32f0xx_hal_spi.c:2994:13:SPI_DMATransmitCplt	24	static
../Drivers/STM32F0xx_HAL_Driver/Src/stm32f0xx_hal_spi.c:3051:13:SPI_DMAReceiveCplt	32	static
../Drivers/STM32F0xx_HAL_Driver/Src/stm32f0xx_hal_spi.c:3168:13:SPI_DMATransmitReceiveCplt	16	static
../Drivers/STM32F0xx_HAL_Driver/Src/stm32f0xx_hal_spi.c:2701:6:HAL_SPI_IRQHandler	32	static
../Drivers/STM32F0xx_HAL_Driver/Src/stm32f0xx_hal_spi.c:3345:13:SPI_DMAAbortOnError	8	static
../Drivers/STM32F0xx_HAL_Driver/Src/stm32f0xx_hal_spi.c:3807:13:SPI_RxISR_16BIT	32	static
../Drivers/STM32F0xx_HAL_Driver/Src/stm32f0xx_hal_spi.c:3865:13:SPI_TxISR_16BIT	16	static
../Drivers/STM32F0xx_HAL_Driver/Src/stm32f0xx_hal_spi.c:3630:13:SPI_2linesRxISR_16BIT	16	static
../Drivers/STM32F0xx_HAL_Driver/Src/stm32f0xx_hal_spi.c:3686:13:SPI_2linesTxISR_16BIT	16	static
../Drivers/STM32F0xx_HAL_Driver/Src/stm32f0xx_hal_spi.c:3583:13:SPI_2linesTxISR_8BIT	16	static
../Drivers/STM32F0xx_HAL_Driver/Src/stm32f0xx_hal_spi.c:2922:13:HAL_SPI_AbortCpltCallback	0	static
../Drivers/STM32F0xx_HAL_Driver/Src/stm32f0xx_hal_spi.c:2460:19:HAL_SPI_Abort_IT	32	static
../Drivers/STM32F0xx_HAL_Driver/Src/stm32f0xx_hal_spi.c:3433:13:SPI_DMARxAbortCallback	48	static
../Drivers/STM32F0xx_HAL_Driver/Src/stm32f0xx_hal_spi.c:3367:13:SPI_DMATxAbortCallback	48	static
../Drivers/STM32F0xx_HAL_Driver/Src/stm32f0xx_hal_spi.c:2957:22:HAL_SPI_GetState	0	static
../Drivers/STM32F0xx_HAL_Driver/Src/stm32f0xx_hal_spi.c:2969:10:HAL_SPI_GetError	0	static
