../Drivers/STM32F0xx_HAL_Driver/Src/stm32f0xx_hal_i2c_ex.c:96:19:HAL_I2CEx_ConfigAnalogFilter	20	static
../Drivers/STM32F0xx_HAL_Driver/Src/stm32f0xx_hal_i2c_ex.c:140:19:HAL_I2CEx_ConfigDigitalFilter	28	static
../Drivers/STM32F0xx_HAL_Driver/Src/stm32f0xx_hal_i2c_ex.c:209:19:HAL_I2CEx_EnableWakeUp	20	static
../Drivers/STM32F0xx_HAL_Driver/Src/stm32f0xx_hal_i2c_ex.c:248:19:HAL_I2CEx_DisableWakeUp	20	static
../Drivers/STM32F0xx_HAL_Driver/Src/stm32f0xx_hal_i2c_ex.c:312:6:HAL_I2CEx_EnableFastModePlus	8	static
../Drivers/STM32F0xx_HAL_Driver/Src/stm32f0xx_hal_i2c_ex.c:337:6:HAL_I2CEx_DisableFastModePlus	8	static
